2025-10-08 00:38:38,059 - Adding job tentatively -- it will be properly scheduled when the scheduler starts
2025-10-08 00:38:38,062 - Added job "fetch_stocks" to job store "default"
2025-10-08 00:38:38,062 - Scheduler started
2025-10-08 00:38:48,265 - Adding job tentatively -- it will be properly scheduled when the scheduler starts
2025-10-08 00:38:48,274 - Added job "fetch_stocks" to job store "default"
2025-10-08 00:38:48,274 - Scheduler started
2025-10-08 00:39:02,646 - Adding job tentatively -- it will be properly scheduled when the scheduler starts
2025-10-08 00:39:02,647 - Added job "fetch_stocks" to job store "default"
2025-10-08 00:39:02,648 - Scheduler started
2025-10-08 00:39:46,211 - Adding job tentatively -- it will be properly scheduled when the scheduler starts
2025-10-08 00:39:46,213 - Added job "fetch_stocks" to job store "default"
2025-10-08 00:39:46,213 - Scheduler started
2025-10-08 00:39:49,572 - Adding job tentatively -- it will be properly scheduled when the scheduler starts
2025-10-08 00:39:49,574 - Added job "fetch_stocks" to job store "default"
2025-10-08 00:39:49,574 - Scheduler started
2025-10-08 00:40:01,287 - Adding job tentatively -- it will be properly scheduled when the scheduler starts
2025-10-08 00:40:01,289 - Added job "fetch_stocks" to job store "default"
2025-10-08 00:40:01,289 - Scheduler started
2025-10-08 00:40:48,793 - Updated AAPL: $256.2
2025-10-08 00:40:50,430 - Updated MSFT: $523.13
2025-10-08 00:40:55,038 - Updated AAPL: $256.2
2025-10-08 00:40:56,062 - Updated MSFT: $523.13
2025-10-08 00:40:59,240 - Updated GOOGL: $246.62
2025-10-08 00:42:00,368 - Updated AAPL: $256.23
2025-10-08 00:42:01,303 - Updated MSFT: $523.06
2025-10-08 00:42:02,263 - Updated GOOGL: $246.46
2025-10-08 00:43:03,337 - Updated AAPL: $256.225
2025-10-08 00:43:04,289 - Updated MSFT: $523.14
2025-10-08 00:43:05,229 - Updated GOOGL: $246.46
2025-10-08 00:44:06,526 - Updated AAPL: $256.245
2025-10-08 00:44:07,436 - Updated MSFT: $523.155
2025-10-08 20:46:06,035 - Updated AAPL: $258.19
2025-10-08 20:46:07,616 - Updated MSFT: $525.155
2025-10-08 20:46:08,855 - Updated GOOGL: $245.105
2025-10-08 20:47:09,953 - Updated AAPL: $258.19
2025-10-08 20:47:11,135 - Updated MSFT: $525.155
2025-10-08 20:47:12,469 - Updated GOOGL: $245.105
2025-10-08 20:48:13,433 - Updated AAPL: $258.135
2025-10-08 20:48:14,788 - Updated MSFT: $525.07
2025-10-08 20:48:16,063 - Updated GOOGL: $245.04
2025-10-08 20:49:17,295 - Updated AAPL: $258.14
2025-10-08 20:49:18,798 - Updated MSFT: $524.9
2025-10-08 20:49:21,536 - Updated GOOGL: $245.04
2025-10-08 20:50:24,239 - Updated AAPL: $258.03
2025-10-08 20:50:27,543 - Updated MSFT: $524.66
2025-10-08 20:50:30,526 - Updated GOOGL: $244.985
2025-10-08 20:51:32,086 - Updated AAPL: $257.9758
2025-10-08 20:51:34,888 - Updated MSFT: $524.65
2025-10-08 20:51:37,032 - Updated GOOGL: $244.8401
2025-10-08 20:52:13,366 - Updated AAPL: $258.1
2025-10-08 20:52:14,559 - Updated MSFT: $524.83
2025-10-08 20:52:15,606 - Updated GOOGL: $244.85
2025-10-08 20:52:44,455 - Adding job tentatively -- it will be properly scheduled when the scheduler starts
2025-10-08 20:52:44,458 - Added job "fetch_stocks" to job store "default"
2025-10-08 20:52:44,458 - Scheduler started
2025-10-08 20:53:22,886 - Adding job tentatively -- it will be properly scheduled when the scheduler starts
2025-10-08 20:53:22,887 - Added job "fetch_stocks" to job store "default"
2025-10-08 20:53:22,887 - Scheduler started
2025-10-08 20:54:08,138 - Adding job tentatively -- it will be properly scheduled when the scheduler starts
2025-10-08 20:54:08,139 - Added job "fetch_stocks" to job store "default"
2025-10-08 20:54:08,140 - Scheduler started
2025-10-08 20:55:08,150 - Running job "fetch_stocks (trigger: interval[0:01:00], next run at: 2025-10-08 20:55:08 IST)" (scheduled at 2025-10-08 20:55:08.137970+05:30)
2025-10-08 20:55:10,833 - Updated AAPL: $258.2209
2025-10-08 20:55:12,777 - Updated MSFT: $524.8
2025-10-08 20:55:14,504 - Updated GOOGL: $244.95
2025-10-08 20:55:14,504 - Job "fetch_stocks (trigger: interval[0:01:00], next run at: 2025-10-08 20:56:08 IST)" executed successfully
2025-10-08 20:56:08,148 - Running job "fetch_stocks (trigger: interval[0:01:00], next run at: 2025-10-08 20:57:08 IST)" (scheduled at 2025-10-08 20:56:08.137970+05:30)
2025-10-08 20:56:09,870 - Updated AAPL: $258.29
2025-10-08 20:56:11,649 - Updated MSFT: $524.81
2025-10-08 20:56:13,192 - Updated GOOGL: $244.92
2025-10-08 20:56:13,192 - Job "fetch_stocks (trigger: interval[0:01:00], next run at: 2025-10-08 20:57:08 IST)" executed successfully
2025-10-08 20:57:08,154 - Running job "fetch_stocks (trigger: interval[0:01:00], next run at: 2025-10-08 20:58:08 IST)" (scheduled at 2025-10-08 20:57:08.137970+05:30)
2025-10-08 20:57:09,548 - Updated AAPL: $258.315
2025-10-08 20:57:11,473 - Updated MSFT: $525.07
2025-10-08 20:57:12,759 - Updated GOOGL: $245.31
2025-10-08 20:57:12,759 - Job "fetch_stocks (trigger: interval[0:01:00], next run at: 2025-10-08 20:58:08 IST)" executed successfully
2025-10-08 20:57:42,896 - Adding job tentatively -- it will be properly scheduled when the scheduler starts
2025-10-08 20:57:42,897 - Added job "fetch_stocks" to job store "default"
2025-10-08 20:57:42,897 - Scheduler started
2025-10-08 20:58:34,733 - Adding job tentatively -- it will be properly scheduled when the scheduler starts
2025-10-08 20:58:34,735 - Added job "fetch_stocks" to job store "default"
2025-10-08 20:58:34,735 - Scheduler started
2025-10-08 20:58:43,495 - Adding job tentatively -- it will be properly scheduled when the scheduler starts
2025-10-08 20:58:43,497 - Added job "fetch_stocks" to job store "default"
2025-10-08 20:58:43,497 - Scheduler started
2025-10-08 20:58:46,201 - Adding job tentatively -- it will be properly scheduled when the scheduler starts
2025-10-08 20:58:46,203 - Added job "fetch_stocks" to job store "default"
2025-10-08 20:58:46,203 - Scheduler started
2025-10-08 20:59:29,461 - Adding job tentatively -- it will be properly scheduled when the scheduler starts
2025-10-08 20:59:29,463 - Added job "fetch_stocks" to job store "default"
2025-10-08 20:59:29,463 - Scheduler started
2025-10-08 20:59:43,968 - Adding job tentatively -- it will be properly scheduled when the scheduler starts
2025-10-08 20:59:43,971 - Added job "fetch_stocks" to job store "default"
2025-10-08 20:59:43,971 - Scheduler started
2025-10-08 20:59:45,329 - Adding job tentatively -- it will be properly scheduled when the scheduler starts
2025-10-08 20:59:45,331 - Added job "fetch_stocks" to job store "default"
2025-10-08 20:59:45,331 - Scheduler started
2025-10-08 20:59:56,610 - Adding job tentatively -- it will be properly scheduled when the scheduler starts
2025-10-08 20:59:56,612 - Added job "fetch_stocks" to job store "default"
2025-10-08 20:59:56,612 - Scheduler started
2025-10-08 20:59:57,852 - Adding job tentatively -- it will be properly scheduled when the scheduler starts
2025-10-08 20:59:57,853 - Added job "fetch_stocks" to job store "default"
2025-10-08 20:59:57,853 - Scheduler started
2025-10-08 21:00:16,712 - Adding job tentatively -- it will be properly scheduled when the scheduler starts
2025-10-08 21:00:16,713 - Added job "fetch_stocks" to job store "default"
2025-10-08 21:00:16,713 - Scheduler started
2025-10-08 21:00:17,848 - Adding job tentatively -- it will be properly scheduled when the scheduler starts
2025-10-08 21:00:17,850 - Added job "fetch_stocks" to job store "default"
2025-10-08 21:00:17,850 - Scheduler started
2025-10-08 21:00:36,543 - Adding job tentatively -- it will be properly scheduled when the scheduler starts
2025-10-08 21:00:36,544 - Added job "fetch_stocks" to job store "default"
2025-10-08 21:00:36,544 - Scheduler started
2025-10-08 21:04:38,061 - Adding job tentatively -- it will be properly scheduled when the scheduler starts
2025-10-08 21:04:38,062 - Added job "fetch_stocks" to job store "default"
2025-10-08 21:04:38,062 - Scheduler started
2025-10-08 21:04:40,214 - Adding job tentatively -- it will be properly scheduled when the scheduler starts
2025-10-08 21:04:40,216 - Added job "fetch_stocks" to job store "default"
2025-10-08 21:04:40,216 - Scheduler started
2025-10-08 21:05:40,226 - Running job "fetch_stocks (trigger: interval[0:01:00], next run at: 2025-10-08 21:05:40 IST)" (scheduled at 2025-10-08 21:05:40.214737+05:30)
2025-10-08 21:05:41,514 - Updated AAPL: $257.77
2025-10-08 21:05:42,632 - Updated MSFT: $524.4775
2025-10-08 21:05:43,724 - Updated GOOGL: $244.94
2025-10-08 21:05:43,724 - Job "fetch_stocks (trigger: interval[0:01:00], next run at: 2025-10-08 21:06:40 IST)" executed successfully
2025-10-08 21:06:40,231 - Running job "fetch_stocks (trigger: interval[0:01:00], next run at: 2025-10-08 21:07:40 IST)" (scheduled at 2025-10-08 21:06:40.214737+05:30)
2025-10-08 21:06:41,505 - Updated AAPL: $257.76
2025-10-08 21:06:42,631 - Updated MSFT: $524.48
2025-10-08 21:06:43,860 - Updated GOOGL: $244.87
2025-10-08 21:06:43,860 - Job "fetch_stocks (trigger: interval[0:01:00], next run at: 2025-10-08 21:07:40 IST)" executed successfully
2025-10-08 21:07:40,228 - Running job "fetch_stocks (trigger: interval[0:01:00], next run at: 2025-10-08 21:08:40 IST)" (scheduled at 2025-10-08 21:07:40.214737+05:30)
2025-10-08 21:07:41,538 - Updated AAPL: $257.84
2025-10-08 21:07:42,664 - Updated MSFT: $524.76
2025-10-08 21:07:43,974 - Updated GOOGL: $244.8701
2025-10-08 21:07:43,974 - Job "fetch_stocks (trigger: interval[0:01:00], next run at: 2025-10-08 21:08:40 IST)" executed successfully
2025-10-08 21:09:21,511 - Run time of job "fetch_stocks (trigger: interval[0:01:00], next run at: 2025-10-08 21:09:40 IST)" was missed by 0:00:41.297125
2025-10-08 21:09:40,219 - Running job "fetch_stocks (trigger: interval[0:01:00], next run at: 2025-10-08 21:10:40 IST)" (scheduled at 2025-10-08 21:09:40.214737+05:30)
2025-10-08 21:09:41,540 - Updated AAPL: $257.825
2025-10-08 21:09:42,756 - Updated MSFT: $524.52
2025-10-08 21:09:44,108 - Updated GOOGL: $244.96
2025-10-08 21:09:44,108 - Job "fetch_stocks (trigger: interval[0:01:00], next run at: 2025-10-08 21:10:40 IST)" executed successfully
2025-10-08 21:10:40,560 - Adding job tentatively -- it will be properly scheduled when the scheduler starts
2025-10-08 21:10:40,561 - Added job "fetch_stocks" to job store "default"
2025-10-08 21:10:40,561 - Scheduler started
2025-10-08 21:11:40,572 - Running job "fetch_stocks (trigger: interval[0:01:00], next run at: 2025-10-08 21:11:40 IST)" (scheduled at 2025-10-08 21:11:40.560206+05:30)
2025-10-08 21:11:42,001 - Updated AAPL: $257.8
2025-10-08 21:11:43,485 - Updated MSFT: $524.935
2025-10-08 21:11:44,833 - Updated GOOGL: $244.8199
2025-10-08 21:11:44,833 - Job "fetch_stocks (trigger: interval[0:01:00], next run at: 2025-10-08 21:12:40 IST)" executed successfully
2025-10-08 21:12:40,568 - Running job "fetch_stocks (trigger: interval[0:01:00], next run at: 2025-10-08 21:13:40 IST)" (scheduled at 2025-10-08 21:12:40.560206+05:30)
2025-10-08 21:12:41,676 - Updated AAPL: $257.8
2025-10-08 21:12:42,882 - Updated MSFT: $524.935
2025-10-08 21:12:44,010 - Updated GOOGL: $244.8199
2025-10-08 21:12:44,010 - Job "fetch_stocks (trigger: interval[0:01:00], next run at: 2025-10-08 21:13:40 IST)" executed successfully
2025-10-08 21:13:40,583 - Running job "fetch_stocks (trigger: interval[0:01:00], next run at: 2025-10-08 21:14:40 IST)" (scheduled at 2025-10-08 21:13:40.560206+05:30)
2025-10-08 21:13:43,371 - Updated AAPL: $257.605
2025-10-08 21:13:45,332 - Updated MSFT: $524.6
2025-10-08 21:13:46,694 - Updated GOOGL: $244.92
2025-10-08 21:13:46,694 - Job "fetch_stocks (trigger: interval[0:01:00], next run at: 2025-10-08 21:14:40 IST)" executed successfully
2025-10-08 21:14:40,575 - Running job "fetch_stocks (trigger: interval[0:01:00], next run at: 2025-10-08 21:15:40 IST)" (scheduled at 2025-10-08 21:14:40.560206+05:30)
2025-10-08 21:14:41,675 - Updated AAPL: $257.66
2025-10-08 21:14:42,894 - Updated MSFT: $524.74
2025-10-08 21:14:44,137 - Updated GOOGL: $244.985
2025-10-08 21:14:44,137 - Job "fetch_stocks (trigger: interval[0:01:00], next run at: 2025-10-08 21:15:40 IST)" executed successfully
2025-10-08 21:15:40,570 - Running job "fetch_stocks (trigger: interval[0:01:00], next run at: 2025-10-08 21:16:40 IST)" (scheduled at 2025-10-08 21:15:40.560206+05:30)
2025-10-08 21:15:41,996 - Updated AAPL: $257.705
2025-10-08 21:15:43,404 - Updated MSFT: $524.73
2025-10-08 21:15:44,737 - Updated GOOGL: $244.969716
2025-10-08 21:15:44,738 - Job "fetch_stocks (trigger: interval[0:01:00], next run at: 2025-10-08 21:16:40 IST)" executed successfully
2025-10-08 21:16:40,563 - Running job "fetch_stocks (trigger: interval[0:01:00], next run at: 2025-10-08 21:17:40 IST)" (scheduled at 2025-10-08 21:16:40.560206+05:30)
2025-10-08 21:16:41,894 - Updated AAPL: $257.71
2025-10-08 21:16:43,154 - Updated MSFT: $524.695
2025-10-08 21:16:44,545 - Updated GOOGL: $244.99
2025-10-08 21:16:44,545 - Job "fetch_stocks (trigger: interval[0:01:00], next run at: 2025-10-08 21:17:40 IST)" executed successfully
2025-10-08 21:17:20,658 - Adding job tentatively -- it will be properly scheduled when the scheduler starts
2025-10-08 21:17:20,659 - Added job "fetch_stocks" to job store "default"
2025-10-08 21:17:20,659 - Scheduler started
2025-10-08 21:17:42,982 - Adding job tentatively -- it will be properly scheduled when the scheduler starts
2025-10-08 21:17:42,984 - Added job "fetch_stocks" to job store "default"
2025-10-08 21:17:42,984 - Scheduler started
2025-10-08 21:17:44,167 - Adding job tentatively -- it will be properly scheduled when the scheduler starts
2025-10-08 21:17:44,168 - Added job "fetch_stocks" to job store "default"
2025-10-08 21:17:44,168 - Scheduler started
2025-10-08 21:17:55,224 - Adding job tentatively -- it will be properly scheduled when the scheduler starts
2025-10-08 21:17:55,225 - Added job "fetch_stocks" to job store "default"
2025-10-08 21:17:55,225 - Scheduler started
2025-10-08 21:18:32,737 - Adding job tentatively -- it will be properly scheduled when the scheduler starts
2025-10-08 21:18:32,738 - Added job "fetch_stocks" to job store "default"
2025-10-08 21:18:32,738 - Scheduler started
2025-10-08 21:19:32,749 - Running job "fetch_stocks (trigger: interval[0:01:00], next run at: 2025-10-08 21:19:32 IST)" (scheduled at 2025-10-08 21:19:32.737613+05:30)
2025-10-08 21:19:33,940 - Updated AAPL: $257.8
2025-10-08 21:19:35,994 - Updated MSFT: $524.69
2025-10-08 21:19:38,152 - Updated GOOGL: $244.805
2025-10-08 21:19:38,152 - Job "fetch_stocks (trigger: interval[0:01:00], next run at: 2025-10-08 21:20:32 IST)" executed successfully
2025-10-08 21:20:32,752 - Running job "fetch_stocks (trigger: interval[0:01:00], next run at: 2025-10-08 21:21:32 IST)" (scheduled at 2025-10-08 21:20:32.737613+05:30)
2025-10-08 21:20:34,132 - Updated AAPL: $257.82
2025-10-08 21:20:35,281 - Updated MSFT: $524.68
2025-10-08 21:20:36,375 - Updated GOOGL: $244.84
2025-10-08 21:20:36,375 - Job "fetch_stocks (trigger: interval[0:01:00], next run at: 2025-10-08 21:21:32 IST)" executed successfully
2025-10-08 21:21:32,745 - Running job "fetch_stocks (trigger: interval[0:01:00], next run at: 2025-10-08 21:22:32 IST)" (scheduled at 2025-10-08 21:21:32.737613+05:30)
2025-10-08 21:21:33,946 - Updated AAPL: $257.82
2025-10-08 21:21:35,184 - Updated MSFT: $524.68
2025-10-08 21:21:36,311 - Updated GOOGL: $244.84
2025-10-08 21:21:36,311 - Job "fetch_stocks (trigger: interval[0:01:00], next run at: 2025-10-08 21:22:32 IST)" executed successfully
2025-10-08 21:22:05,098 - Adding job tentatively -- it will be properly scheduled when the scheduler starts
2025-10-08 21:22:05,099 - Added job "fetch_stocks" to job store "default"
2025-10-08 21:22:05,099 - Scheduler started
